Started GET "/" for 127.0.0.1 at 2025-09-27 23:16:06 +0300
Processing by Rails::WelcomeController#index as HTML
  Rendering /var/lib/gems/3.0.0/gems/railties-7.1.5.2/lib/rails/templates/rails/welcome/index.html.erb
  Rendered /var/lib/gems/3.0.0/gems/railties-7.1.5.2/lib/rails/templates/rails/welcome/index.html.erb (Duration: 1.1ms | Allocations: 579)
Completed 200 OK in 45ms (Views: 5.7ms | Allocations: 18000)


Started GET "/api/v1/patients" for 127.0.0.1 at 2025-09-27 23:17:20 +0300
Processing by Api::V1::PatientsController#index as HTML
Completed 500 Internal Server Error in 9ms (Allocations: 1828)


  
NameError (uninitialized constant ApplicationRecord
Did you mean?  ApplicationJob):
  
app/models/patient.rb:1:in `<top (required)>'
app/controllers/api/v1/patients_controller.rb:7:in `index'
Started GET "/favicon.ico" for 127.0.0.1 at 2025-09-27 23:17:21 +0300
  
ActionController::RoutingError (No route matches [GET] "/favicon.ico"):
  
Started GET "/" for 127.0.0.1 at 2025-09-27 23:26:57 +0300
Processing by Rails::WelcomeController#index as HTML
  Rendering /var/lib/gems/3.0.0/gems/railties-7.1.5.2/lib/rails/templates/rails/welcome/index.html.erb
  Rendered /var/lib/gems/3.0.0/gems/railties-7.1.5.2/lib/rails/templates/rails/welcome/index.html.erb (Duration: 2.9ms | Allocations: 580)
Completed 200 OK in 54ms (Views: 13.9ms | Allocations: 18005)


Started GET "/api/v1/patients" for 127.0.0.1 at 2025-09-27 23:27:08 +0300
Processing by Api::V1::PatientsController#index as HTML
Completed 500 Internal Server Error in 8ms (Allocations: 1909)


  
NameError (uninitialized constant ActiveRecord
Did you mean?  ActiveModel):
  
app/models/application_record.rb:1:in `<top (required)>'
app/models/patient.rb:1:in `<top (required)>'
app/controllers/api/v1/patients_controller.rb:7:in `index'
[dotenv] Set [36mCOMPOSE_PROJECT_NAME[0m, [36mRACK_ENV[0m, [36mPOSTGRES_USER[0m, [36mPOSTGRES_PASSWORD[0m, [36mPOSTGRES_DB[0m, [36mDATABASE_HOST[0m, [36mDATABASE_PORT[0m, [36mBMI_API_URL[0m, and [36mBMI_API_KEY[0m
[dotenv] Loaded [33m.env[0m
Started GET "/" for 127.0.0.1 at 2025-09-27 23:57:06 +0300
Processing by Rails::WelcomeController#index as HTML
  Rendering /var/lib/gems/3.0.0/gems/railties-7.1.5.2/lib/rails/templates/rails/welcome/index.html.erb
  Rendered /var/lib/gems/3.0.0/gems/railties-7.1.5.2/lib/rails/templates/rails/welcome/index.html.erb (Duration: 1.1ms | Allocations: 580)
Completed 200 OK in 48ms (Views: 12.6ms | ActiveRecord: 0.0ms | Allocations: 18011)


Started GET "/api/v1/patients" for 127.0.0.1 at 2025-09-27 23:57:11 +0300
Processing by Api::V1::PatientsController#index as HTML
Completed 500 Internal Server Error in 114ms (ActiveRecord: 0.0ms | Allocations: 48215)


  
ActionController::UnfilteredParameters (unable to convert unpermitted parameters to hash):
  
app/controllers/api/v1/patients_controller.rb:68:in `merge'
app/controllers/api/v1/patients_controller.rb:68:in `ransack_params'
app/controllers/api/v1/patients_controller.rb:7:in `index'
Started GET "/api/v1/patients?full_name=ivan&gender=male&start_age=20&end_age=40&limit=10&offset=0" for 127.0.0.1 at 2025-09-27 23:57:41 +0300
Processing by Api::V1::PatientsController#index as HTML
  Parameters: {"full_name"=>"ivan", "gender"=>"male", "start_age"=>"20", "end_age"=>"40", "limit"=>"10", "offset"=>"0"}
Completed 500 Internal Server Error in 170ms (ActiveRecord: 0.0ms | Allocations: 8023)


  
ActiveRecord::DatabaseConnectionError (There is an issue connecting with your hostname: db.

Please check your database configuration and ensure there is a valid connection to your database.
):
  
app/controllers/api/v1/patients_controller.rb:7:in `index'
[dotenv] Set [36mCOMPOSE_PROJECT_NAME[0m, [36mRACK_ENV[0m, [36mPOSTGRES_USER[0m, [36mPOSTGRES_PASSWORD[0m, [36mPOSTGRES_DB[0m, [36mDATABASE_HOST[0m, [36mDATABASE_PORT[0m, [36mBMI_API_URL[0m, and [36mBMI_API_KEY[0m
[dotenv] Loaded [33m.env[0m
Started GET "/api/v1/patients?full_name=ivan&gender=male&start_age=20&end_age=40&limit=10&offset=0" for 127.0.0.1 at 2025-09-27 23:58:36 +0300
Processing by Api::V1::PatientsController#index as HTML
  Parameters: {"full_name"=>"ivan", "gender"=>"male", "start_age"=>"20", "end_age"=>"40", "limit"=>"10", "offset"=>"0"}
Completed 500 Internal Server Error in 210ms (ActiveRecord: 0.0ms | Allocations: 57147)


  
ActiveRecord::DatabaseConnectionError (There is an issue connecting with your hostname: 127.0.0.1.

Please check your database configuration and ensure there is a valid connection to your database.
):
  
app/controllers/api/v1/patients_controller.rb:7:in `index'
Started GET "/favicon.ico" for 127.0.0.1 at 2025-09-27 23:58:37 +0300
  
ActionController::RoutingError (No route matches [GET] "/favicon.ico"):
  
[dotenv] Set [36mCOMPOSE_PROJECT_NAME[0m, [36mRACK_ENV[0m, [36mPOSTGRES_USER[0m, [36mPOSTGRES_PASSWORD[0m, [36mPOSTGRES_DB[0m, [36mDATABASE_HOST[0m, [36mDATABASE_PORT[0m, [36mBMI_API_URL[0m, and [36mBMI_API_KEY[0m
[dotenv] Loaded [33m.env[0m
Started GET "/api/v1/patients?full_name=ivan&gender=male&start_age=20&end_age=40&limit=10&offset=0" for 127.0.0.1 at 2025-09-27 23:59:16 +0300
Processing by Api::V1::PatientsController#index as HTML
  Parameters: {"full_name"=>"ivan", "gender"=>"male", "start_age"=>"20", "end_age"=>"40", "limit"=>"10", "offset"=>"0"}
Completed 500 Internal Server Error in 204ms (ActiveRecord: 0.0ms | Allocations: 57135)


  
ActiveRecord::ConnectionNotEstablished (connection to server at "127.0.0.1", port 5432 failed: Connection refused
	Is the server running on that host and accepting TCP/IP connections?
):
  
app/controllers/api/v1/patients_controller.rb:7:in `index'
[dotenv] Set [36mCOMPOSE_PROJECT_NAME[0m, [36mRAILS_ENV[0m, [36mRACK_ENV[0m, [36mPOSTGRES_USER[0m, [36mPOSTGRES_PASSWORD[0m, [36mPOSTGRES_DB[0m, [36mDATABASE_HOST[0m, [36mDATABASE_PORT[0m, [36mBMI_API_URL[0m, and [36mBMI_API_KEY[0m
[dotenv] Loaded [33m.env[0m
[dotenv] Set [36mCOMPOSE_PROJECT_NAME[0m, [36mRAILS_ENV[0m, [36mRACK_ENV[0m, [36mPOSTGRES_USER[0m, [36mPOSTGRES_PASSWORD[0m, [36mPOSTGRES_DB[0m, [36mDATABASE_HOST[0m, [36mDATABASE_PORT[0m, [36mBMI_API_URL[0m, and [36mBMI_API_KEY[0m
[dotenv] Loaded [33m.env[0m
  [1m[35m (93.7ms)[0m  [1m[35mCREATE DATABASE "patients_development" ENCODING = 'unicode'[0m
  [1m[35m (106.8ms)[0m  [1m[35mCREATE DATABASE "patients_test" ENCODING = 'unicode'[0m
[dotenv] Set [36mCOMPOSE_PROJECT_NAME[0m, [36mRAILS_ENV[0m, [36mRACK_ENV[0m, [36mPOSTGRES_USER[0m, [36mPOSTGRES_PASSWORD[0m, [36mPOSTGRES_DB[0m, [36mDATABASE_HOST[0m, [36mDATABASE_PORT[0m, [36mBMI_API_URL[0m, and [36mBMI_API_KEY[0m
[dotenv] Loaded [33m.env[0m
  [1m[35m (11.7ms)[0m  [1m[35mCREATE TABLE "schema_migrations" ("version" character varying NOT NULL PRIMARY KEY)[0m
  [1m[35m (4.2ms)[0m  [1m[35mCREATE TABLE "ar_internal_metadata" ("key" character varying NOT NULL PRIMARY KEY, "value" character varying, "created_at" timestamp(6) NOT NULL, "updated_at" timestamp(6) NOT NULL)[0m
  [1m[35m (0.2ms)[0m  [1m[34mSELECT pg_try_advisory_lock(2824508713068005460)[0m
  [1m[36mActiveRecord::SchemaMigration Load (0.8ms)[0m  [1m[34mSELECT "schema_migrations"."version" FROM "schema_migrations" ORDER BY "schema_migrations"."version" ASC[0m
  [1m[36mActiveRecord::InternalMetadata Load (1.0ms)[0m  [1m[34mSELECT * FROM "ar_internal_metadata" WHERE "ar_internal_metadata"."key" = $1 ORDER BY "ar_internal_metadata"."key" ASC LIMIT 1[0m  [[nil, "environment"]]
  [1m[36mActiveRecord::InternalMetadata Create (2.4ms)[0m  [1m[32mINSERT INTO "ar_internal_metadata" ("key", "value", "created_at", "updated_at") VALUES ('environment', 'development', '2025-09-27 21:03:19.976439', '2025-09-27 21:03:19.976444') RETURNING "key"[0m
Migrating to CreatePatients (1)
  [1m[36mTRANSACTION (0.2ms)[0m  [1m[35mBEGIN[0m
  [1m[35m (3.5ms)[0m  [1m[35mCREATE TABLE "patients" ("id" bigserial primary key, "first_name" character varying NOT NULL, "last_name" character varying NOT NULL, "middle_name" character varying, "birthday" date NOT NULL, "gender" character varying NOT NULL, "height" integer, "weight" decimal(6,2), "created_at" timestamp(6) NOT NULL, "updated_at" timestamp(6) NOT NULL)[0m
  [1m[35m (0.7ms)[0m  [1m[35mCREATE UNIQUE INDEX "index_patients_on_full_name_and_birthday" ON "patients" ("first_name", "last_name", "middle_name", "birthday")[0m
  [1m[36mActiveRecord::SchemaMigration Create (0.6ms)[0m  [1m[32mINSERT INTO "schema_migrations" ("version") VALUES ('1') RETURNING "version"[0m
  [1m[36mTRANSACTION (2.6ms)[0m  [1m[35mCOMMIT[0m
Migrating to CreateDoctors (2)
  [1m[36mTRANSACTION (0.3ms)[0m  [1m[35mBEGIN[0m
  [1m[35m (3.6ms)[0m  [1m[35mCREATE TABLE "doctors" ("id" bigserial primary key, "first_name" character varying NOT NULL, "last_name" character varying NOT NULL, "middle_name" character varying, "created_at" timestamp(6) NOT NULL, "updated_at" timestamp(6) NOT NULL)[0m
  [1m[36mActiveRecord::SchemaMigration Create (0.6ms)[0m  [1m[32mINSERT INTO "schema_migrations" ("version") VALUES ('2') RETURNING "version"[0m
  [1m[36mTRANSACTION (2.4ms)[0m  [1m[35mCOMMIT[0m
Migrating to CreateJoinTableDoctorsPatients (3)
  [1m[36mTRANSACTION (0.5ms)[0m  [1m[35mBEGIN[0m
  [1m[35m (1.8ms)[0m  [1m[35mCREATE TABLE "doctors_patients" ("doctor_id" bigint NOT NULL, "patient_id" bigint NOT NULL)[0m
  [1m[35m (2.9ms)[0m  [1m[35mCREATE UNIQUE INDEX "index_doctors_patients_on_doctor_id_and_patient_id" ON "doctors_patients" ("doctor_id", "patient_id")[0m
  [1m[35m (2.8ms)[0m  [1m[35mALTER TABLE "doctors_patients" ADD CONSTRAINT "fk_rails_73533e840a"
FOREIGN KEY ("doctor_id")
  REFERENCES "doctors" ("id")
[0m
  [1m[35m (1.9ms)[0m  [1m[35mALTER TABLE "doctors_patients" ADD CONSTRAINT "fk_rails_7e77cda10b"
FOREIGN KEY ("patient_id")
  REFERENCES "patients" ("id")
[0m
  [1m[36mActiveRecord::SchemaMigration Create (0.6ms)[0m  [1m[32mINSERT INTO "schema_migrations" ("version") VALUES ('3') RETURNING "version"[0m
  [1m[36mTRANSACTION (3.2ms)[0m  [1m[35mCOMMIT[0m
Migrating to CreateBmrResults (4)
  [1m[36mTRANSACTION (0.8ms)[0m  [1m[35mBEGIN[0m
  [1m[35m (5.4ms)[0m  [1m[35mCREATE TABLE "bmr_results" ("id" bigserial primary key, "patient_id" bigint NOT NULL, "formula" character varying NOT NULL, "value" decimal(8,2) NOT NULL, "metadata" jsonb DEFAULT '{}', "created_at" timestamp(6) NOT NULL, "updated_at" timestamp(6) NOT NULL, CONSTRAINT "fk_rails_83c8e0b473"
FOREIGN KEY ("patient_id")
  REFERENCES "patients" ("id")
)[0m
  [1m[35m (1.1ms)[0m  [1m[35mCREATE INDEX "index_bmr_results_on_patient_id" ON "bmr_results" ("patient_id")[0m
  [1m[36mActiveRecord::SchemaMigration Create (0.4ms)[0m  [1m[32mINSERT INTO "schema_migrations" ("version") VALUES ('4') RETURNING "version"[0m
  [1m[36mTRANSACTION (2.4ms)[0m  [1m[35mCOMMIT[0m
  [1m[35m (0.3ms)[0m  [1m[34mSELECT pg_advisory_unlock(2824508713068005460)[0m
  [1m[36mActiveRecord::SchemaMigration Load (0.7ms)[0m  [1m[34mSELECT "schema_migrations"."version" FROM "schema_migrations" ORDER BY "schema_migrations"."version" ASC[0m
[dotenv] Set [36mCOMPOSE_PROJECT_NAME[0m, [36mRACK_ENV[0m, [36mPOSTGRES_USER[0m, [36mPOSTGRES_PASSWORD[0m, [36mPOSTGRES_DB[0m, [36mDATABASE_HOST[0m, [36mDATABASE_PORT[0m, [36mBMI_API_URL[0m, and [36mBMI_API_KEY[0m
[dotenv] Loaded [33m.env[0m
Started GET "/api/v1/patients?full_name=ivan&gender=male&start_age=20&end_age=40&limit=10&offset=0" for 127.0.0.1 at 2025-09-28 00:03:43 +0300
Processing by Api::V1::PatientsController#index as HTML
  Parameters: {"full_name"=>"ivan", "gender"=>"male", "start_age"=>"20", "end_age"=>"40", "limit"=>"10", "offset"=>"0"}
Completed 500 Internal Server Error in 162ms (ActiveRecord: 9.8ms | Allocations: 60116)


  
RuntimeError (Ransack needs Patient attributes explicitly allowlisted as
searchable. Define a `ransackable_attributes` class method in your `Patient`
model, watching out for items you DON'T want searchable (for
example, `encrypted_password`, `password_reset_token`, `owner` or
other sensitive information). You can use the following as a base:

```ruby
class Patient < ApplicationRecord

  # ...

  def self.ransackable_attributes(auth_object = nil)
    ["birthday", "created_at", "first_name", "gender", "height", "id", "id_value", "last_name", "middle_name", "updated_at", "weight"]
  end

  # ...

end
```
):
  
app/controllers/api/v1/patients_controller.rb:7:in `index'
[dotenv] Set [36mCOMPOSE_PROJECT_NAME[0m, [36mRACK_ENV[0m, [36mPOSTGRES_USER[0m, [36mPOSTGRES_PASSWORD[0m, [36mPOSTGRES_DB[0m, [36mDATABASE_HOST[0m, [36mDATABASE_PORT[0m, [36mBMI_API_URL[0m, and [36mBMI_API_KEY[0m
[dotenv] Loaded [33m.env[0m
Started GET "/api/v1/patients?full_name=ivan&gender=male&start_age=20&end_age=40&limit=10&offset=0" for 127.0.0.1 at 2025-09-28 00:05:40 +0300
Processing by Api::V1::PatientsController#index as HTML
  Parameters: {"full_name"=>"ivan", "gender"=>"male", "start_age"=>"20", "end_age"=>"40", "limit"=>"10", "offset"=>"0"}
  [1m[36mPatient Load (2.2ms)[0m  [1m[34mSELECT DISTINCT "patients".* FROM "patients" WHERE (("patients"."first_name" ILIKE '%ivan%' OR "patients"."last_name" ILIKE '%ivan%') OR "patients"."middle_name" ILIKE '%ivan%')[0m
[active_model_serializers] Rendered ActiveModel::Serializer::CollectionSerializer with ActiveModelSerializers::Adapter::Attributes (0.23ms)
Completed 200 OK in 213ms (Views: 7.3ms | ActiveRecord: 13.3ms | Allocations: 66147)


Started GET "/favicon.ico" for 127.0.0.1 at 2025-09-28 00:05:40 +0300
  
ActionController::RoutingError (No route matches [GET] "/favicon.ico"):
  
Started POST "/api/v1/doctors" for 127.0.0.1 at 2025-09-28 00:08:56 +0300
Processing by Api::V1::DoctorsController#create as */*
  Parameters: {"doctor"=>{"first_name"=>"Иван", "last_name"=>"Петров", "middle_name"=>"Сергеевич"}}
  [1m[36mTRANSACTION (1.8ms)[0m  [1m[35mBEGIN[0m
  [1m[36mDoctor Create (7.7ms)[0m  [1m[32mINSERT INTO "doctors" ("first_name", "last_name", "middle_name", "created_at", "updated_at") VALUES ($1, $2, $3, $4, $5) RETURNING "id"[0m  [["first_name", "Иван"], ["last_name", "Петров"], ["middle_name", "Сергеевич"], ["created_at", "2025-09-27 21:08:56.318283"], ["updated_at", "2025-09-27 21:08:56.318283"]]
  [1m[36mTRANSACTION (5.5ms)[0m  [1m[35mCOMMIT[0m
[active_model_serializers] Rendered ActiveModel::Serializer::Null with Doctor (0.26ms)
Completed 201 Created in 73ms (Views: 2.9ms | ActiveRecord: 30.5ms | Allocations: 20212)


Started GET "/api/v1/doctors?limit=10&offset=0" for 127.0.0.1 at 2025-09-28 00:09:05 +0300
Processing by Api::V1::DoctorsController#index as */*
  Parameters: {"limit"=>"10", "offset"=>"0"}
  [1m[36mDoctor Load (1.2ms)[0m  [1m[34mSELECT "doctors".* FROM "doctors"[0m
No serializer found for resource: #<Doctor id: 1, first_name: "Иван", last_name: "Петров", middle_name: "Сергеевич", created_at: "2025-09-27 21:08:56.318283000 +0000", updated_at: "2025-09-27 21:08:56.318283000 +0000">
[active_model_serializers] Rendered ActiveModel::Serializer::CollectionSerializer with Array (0.34ms)
Completed 200 OK in 10ms (Views: 2.5ms | ActiveRecord: 4.7ms | Allocations: 783)


Started POST "/api/v1/patients" for 127.0.0.1 at 2025-09-28 00:11:20 +0300
Processing by Api::V1::PatientsController#create as */*
  Parameters: {"patient"=>{"first_name"=>"Мария", "last_name"=>"Иванова", "middle_name"=>"Александровна", "birthday"=>"1990-05-15", "gender"=>"female", "height"=>165, "weight"=>60.5}, "doctor_ids"=>[1]}
  [1m[36mDoctor Load (0.3ms)[0m  [1m[34mSELECT "doctors".* FROM "doctors" WHERE "doctors"."id" = $1[0m  [["id", 1]]
  [1m[36mTRANSACTION (0.3ms)[0m  [1m[35mBEGIN[0m
  [1m[36mPatient Exists? (1.9ms)[0m  [1m[34mSELECT 1 AS one FROM "patients" WHERE "patients"."first_name" = $1 AND "patients"."last_name" = $2 AND "patients"."middle_name" = $3 AND "patients"."birthday" = $4 LIMIT $5[0m  [["first_name", "Мария"], ["last_name", "Иванова"], ["middle_name", "Александровна"], ["birthday", "1990-05-15"], ["LIMIT", 1]]
  [1m[36mPatient Create (0.9ms)[0m  [1m[32mINSERT INTO "patients" ("first_name", "last_name", "middle_name", "birthday", "gender", "height", "weight", "created_at", "updated_at") VALUES ($1, $2, $3, $4, $5, $6, $7, $8, $9) RETURNING "id"[0m  [["first_name", "Мария"], ["last_name", "Иванова"], ["middle_name", "Александровна"], ["birthday", "1990-05-15"], ["gender", "female"], ["height", 165], ["weight", "60.5"], ["created_at", "2025-09-27 21:11:20.399101"], ["updated_at", "2025-09-27 21:11:20.399101"]]
  [1m[36mPatient::HABTM_Doctors Create (1.2ms)[0m  [1m[32mINSERT INTO "doctors_patients" ("doctor_id", "patient_id") VALUES ($1, $2)[0m  [["doctor_id", 1], ["patient_id", 1]]
  [1m[36mTRANSACTION (25.7ms)[0m  [1m[35mCOMMIT[0m
[active_model_serializers] Rendered ActiveModel::Serializer::Null with Patient (0.49ms)
Completed 201 Created in 163ms (Views: 4.6ms | ActiveRecord: 44.9ms | Allocations: 42369)


Started POST "/api/v1/patients/1/bmr" for 127.0.0.1 at 2025-09-28 00:11:42 +0300
Processing by Api::V1::BmrsController#create as */*
  Parameters: {"formula"=>"mifflin", "patient_id"=>"1", "bmr"=>{"formula"=>"mifflin"}}
  [1m[36mPatient Load (1.2ms)[0m  [1m[34mSELECT "patients".* FROM "patients" WHERE "patients"."id" = $1 LIMIT $2[0m  [["id", 1], ["LIMIT", 1]]
  [1m[36mTRANSACTION (0.4ms)[0m  [1m[35mBEGIN[0m
  [1m[36mBmrResult Create (2.1ms)[0m  [1m[32mINSERT INTO "bmr_results" ("patient_id", "formula", "value", "metadata", "created_at", "updated_at") VALUES ($1, $2, $3, $4, $5, $6) RETURNING "id"[0m  [["patient_id", 1], ["formula", "mifflin"], ["value", "1300.25"], ["metadata", "{\"weight\":\"60.5\",\"height\":165}"], ["created_at", "2025-09-27 21:11:42.338316"], ["updated_at", "2025-09-27 21:11:42.338316"]]
  [1m[36mTRANSACTION (3.8ms)[0m  [1m[35mCOMMIT[0m
[active_model_serializers] Rendered ActiveModel::Serializer::Null with Hash (0.17ms)
Completed 200 OK in 107ms (Views: 1.3ms | ActiveRecord: 17.4ms | Allocations: 21094)


Started POST "/api/v1/bmi" for 127.0.0.1 at 2025-09-28 00:13:14 +0300
Processing by Api::V1::BmiProxyController#create as */*
  Parameters: {"height"=>170, "weight"=>65, "bmi_proxy"=>{"height"=>170, "weight"=>65}}
Completed 200 OK in 787ms (Views: 1.2ms | ActiveRecord: 0.0ms | Allocations: 1778)


[dotenv] Set [36mCOMPOSE_PROJECT_NAME[0m, [36mRACK_ENV[0m, [36mPOSTGRES_USER[0m, [36mPOSTGRES_PASSWORD[0m, [36mPOSTGRES_DB[0m, [36mDATABASE_HOST[0m, [36mDATABASE_PORT[0m, [36mBMI_API_URL[0m, and [36mBMI_API_KEY[0m
[dotenv] Loaded [33m.env[0m
Started POST "/api/v1/bmi" for 127.0.0.1 at 2025-09-28 00:20:38 +0300
Processing by Api::V1::BmiProxyController#create as */*
  Parameters: {"height"=>170, "weight"=>65, "bmi_proxy"=>{"height"=>170, "weight"=>65}}
[active_model_serializers] Rendered ActiveModel::Serializer::Null with Hash (0.22ms)
Completed 502 Bad Gateway in 356ms (Views: 5.9ms | ActiveRecord: 0.0ms | Allocations: 2454)


[dotenv] Set [36mCOMPOSE_PROJECT_NAME[0m, [36mRACK_ENV[0m, [36mPOSTGRES_USER[0m, [36mPOSTGRES_PASSWORD[0m, [36mPOSTGRES_DB[0m, [36mDATABASE_HOST[0m, [36mDATABASE_PORT[0m, [36mBMI_API_URL[0m, and [36mBMI_API_KEY[0m
[dotenv] Loaded [33m.env[0m
Started POST "/api/v1/bmi" for 127.0.0.1 at 2025-09-28 00:22:07 +0300
Processing by Api::V1::BmiProxyController#create as */*
  Parameters: {"height"=>170, "weight"=>65, "bmi_proxy"=>{"height"=>170, "weight"=>65}}
[active_model_serializers] Rendered ActiveModel::Serializer::Null with Hash (0.41ms)
Completed 502 Bad Gateway in 267ms (Views: 8.2ms | ActiveRecord: 0.0ms | Allocations: 2458)


[dotenv] Set [36mCOMPOSE_PROJECT_NAME[0m, [36mRACK_ENV[0m, [36mPOSTGRES_USER[0m, [36mPOSTGRES_PASSWORD[0m, [36mPOSTGRES_DB[0m, [36mDATABASE_HOST[0m, [36mDATABASE_PORT[0m, [36mBMI_API_URL[0m, and [36mBMI_API_KEY[0m
[dotenv] Loaded [33m.env[0m
Started POST "/api/v1/patients/1/bmr" for 127.0.0.1 at 2025-09-28 00:23:44 +0300
Processing by Api::V1::BmrsController#create as */*
  Parameters: {"formula"=>"mifflin", "patient_id"=>"1", "bmr"=>{"formula"=>"mifflin"}}
  [1m[36mPatient Load (0.5ms)[0m  [1m[34mSELECT "patients".* FROM "patients" WHERE "patients"."id" = $1 LIMIT $2[0m  [["id", 1], ["LIMIT", 1]]
  [1m[36mTRANSACTION (0.3ms)[0m  [1m[35mBEGIN[0m
  [1m[36mBmrResult Create (1.4ms)[0m  [1m[32mINSERT INTO "bmr_results" ("patient_id", "formula", "value", "metadata", "created_at", "updated_at") VALUES ($1, $2, $3, $4, $5, $6) RETURNING "id"[0m  [["patient_id", 1], ["formula", "mifflin"], ["value", "1300.25"], ["metadata", "{\"weight\":\"60.5\",\"height\":165}"], ["created_at", "2025-09-27 21:23:44.837128"], ["updated_at", "2025-09-27 21:23:44.837128"]]
  [1m[36mTRANSACTION (3.1ms)[0m  [1m[35mCOMMIT[0m
[active_model_serializers] Rendered ActiveModel::Serializer::Null with Hash (0.12ms)
Completed 200 OK in 189ms (Views: 2.2ms | ActiveRecord: 19.8ms | Allocations: 110029)


Started POST "/api/v1/bmi" for 127.0.0.1 at 2025-09-28 00:23:47 +0300
Processing by Api::V1::BmiProxyController#create as */*
  Parameters: {"height"=>170, "weight"=>65, "bmi_proxy"=>{"height"=>170, "weight"=>65}}
[active_model_serializers] Rendered ActiveModel::Serializer::Null with Hash (0.36ms)
Completed 200 OK in 272ms (Views: 2.7ms | ActiveRecord: 0.0ms | Allocations: 1602)


[dotenv] Loaded [33m.env[0m
[dotenv] Loaded [33m.env[0m
[dotenv] Loaded [33m.env[0m
  [1m[35m (0.5ms)[0m  [1m[35mCREATE DATABASE "patients_development" ENCODING = 'unicode'[0m
  [1m[35m (217.8ms)[0m  [1m[35mCREATE DATABASE "patients_test" ENCODING = 'unicode'[0m
  [1m[35m (18.2ms)[0m  [1m[35mCREATE TABLE "schema_migrations" ("version" character varying NOT NULL PRIMARY KEY)[0m
  [1m[35m (18.5ms)[0m  [1m[35mCREATE TABLE "ar_internal_metadata" ("key" character varying NOT NULL PRIMARY KEY, "value" character varying, "created_at" timestamp(6) NOT NULL, "updated_at" timestamp(6) NOT NULL)[0m
  [1m[35m (1.0ms)[0m  [1m[34mSELECT pg_try_advisory_lock(2824508713068005460)[0m
  [1m[36mActiveRecord::SchemaMigration Load (0.8ms)[0m  [1m[34mSELECT "schema_migrations"."version" FROM "schema_migrations" ORDER BY "schema_migrations"."version" ASC[0m
  [1m[36mActiveRecord::InternalMetadata Load (1.0ms)[0m  [1m[34mSELECT * FROM "ar_internal_metadata" WHERE "ar_internal_metadata"."key" = $1 ORDER BY "ar_internal_metadata"."key" ASC LIMIT 1[0m  [[nil, "environment"]]
  [1m[36mActiveRecord::InternalMetadata Create (3.2ms)[0m  [1m[32mINSERT INTO "ar_internal_metadata" ("key", "value", "created_at", "updated_at") VALUES ('environment', 'development', '2025-09-27 21:35:32.158846', '2025-09-27 21:35:32.158850') RETURNING "key"[0m
Migrating to CreatePatients (1)
  [1m[36mTRANSACTION (0.2ms)[0m  [1m[35mBEGIN[0m
  [1m[35m (14.2ms)[0m  [1m[35mCREATE TABLE "patients" ("id" bigserial primary key, "first_name" character varying NOT NULL, "last_name" character varying NOT NULL, "middle_name" character varying, "birthday" date NOT NULL, "gender" character varying NOT NULL, "height" integer, "weight" decimal(6,2), "created_at" timestamp(6) NOT NULL, "updated_at" timestamp(6) NOT NULL)[0m
  [1m[35m (6.2ms)[0m  [1m[35mCREATE UNIQUE INDEX "index_patients_on_full_name_and_birthday" ON "patients" ("first_name", "last_name", "middle_name", "birthday")[0m
  [1m[36mActiveRecord::SchemaMigration Create (0.8ms)[0m  [1m[32mINSERT INTO "schema_migrations" ("version") VALUES ('1') RETURNING "version"[0m
  [1m[36mTRANSACTION (2.6ms)[0m  [1m[35mCOMMIT[0m
Migrating to CreateDoctors (2)
  [1m[36mTRANSACTION (0.5ms)[0m  [1m[35mBEGIN[0m
  [1m[35m (14.4ms)[0m  [1m[35mCREATE TABLE "doctors" ("id" bigserial primary key, "first_name" character varying NOT NULL, "last_name" character varying NOT NULL, "middle_name" character varying, "created_at" timestamp(6) NOT NULL, "updated_at" timestamp(6) NOT NULL)[0m
  [1m[36mActiveRecord::SchemaMigration Create (0.7ms)[0m  [1m[32mINSERT INTO "schema_migrations" ("version") VALUES ('2') RETURNING "version"[0m
  [1m[36mTRANSACTION (2.9ms)[0m  [1m[35mCOMMIT[0m
Migrating to CreateJoinTableDoctorsPatients (3)
  [1m[36mTRANSACTION (0.4ms)[0m  [1m[35mBEGIN[0m
  [1m[35m (1.9ms)[0m  [1m[35mCREATE TABLE "doctors_patients" ("doctor_id" bigint NOT NULL, "patient_id" bigint NOT NULL)[0m
  [1m[35m (5.5ms)[0m  [1m[35mCREATE UNIQUE INDEX "index_doctors_patients_on_doctor_id_and_patient_id" ON "doctors_patients" ("doctor_id", "patient_id")[0m
  [1m[35m (4.1ms)[0m  [1m[35mALTER TABLE "doctors_patients" ADD CONSTRAINT "fk_rails_73533e840a"
FOREIGN KEY ("doctor_id")
  REFERENCES "doctors" ("id")
[0m
  [1m[35m (2.6ms)[0m  [1m[35mALTER TABLE "doctors_patients" ADD CONSTRAINT "fk_rails_7e77cda10b"
FOREIGN KEY ("patient_id")
  REFERENCES "patients" ("id")
[0m
  [1m[36mActiveRecord::SchemaMigration Create (0.7ms)[0m  [1m[32mINSERT INTO "schema_migrations" ("version") VALUES ('3') RETURNING "version"[0m
  [1m[36mTRANSACTION (2.8ms)[0m  [1m[35mCOMMIT[0m
Migrating to CreateBmrResults (4)
  [1m[36mTRANSACTION (0.9ms)[0m  [1m[35mBEGIN[0m
  [1m[35m (15.7ms)[0m  [1m[35mCREATE TABLE "bmr_results" ("id" bigserial primary key, "patient_id" bigint NOT NULL, "formula" character varying NOT NULL, "value" decimal(8,2) NOT NULL, "metadata" jsonb DEFAULT '{}', "created_at" timestamp(6) NOT NULL, "updated_at" timestamp(6) NOT NULL, CONSTRAINT "fk_rails_83c8e0b473"
FOREIGN KEY ("patient_id")
  REFERENCES "patients" ("id")
)[0m
  [1m[35m (5.4ms)[0m  [1m[35mCREATE INDEX "index_bmr_results_on_patient_id" ON "bmr_results" ("patient_id")[0m
  [1m[36mActiveRecord::SchemaMigration Create (0.6ms)[0m  [1m[32mINSERT INTO "schema_migrations" ("version") VALUES ('4') RETURNING "version"[0m
  [1m[36mTRANSACTION (2.7ms)[0m  [1m[35mCOMMIT[0m
  [1m[35m (0.9ms)[0m  [1m[34mSELECT pg_advisory_unlock(2824508713068005460)[0m
  [1m[36mActiveRecord::SchemaMigration Load (0.8ms)[0m  [1m[34mSELECT "schema_migrations"."version" FROM "schema_migrations" ORDER BY "schema_migrations"."version" ASC[0m
[dotenv] Loaded [33m.env[0m
Started GET "/api/v1/patients?full_name=ivan&gender=male&start_age=20&end_age=40&limit=10&offset=0" for 172.19.0.1 at 2025-09-27 21:35:59 +0000
Processing by Api::V1::PatientsController#index as HTML
  Parameters: {"full_name"=>"ivan", "gender"=>"male", "start_age"=>"20", "end_age"=>"40", "limit"=>"10", "offset"=>"0"}
  [1m[36mPatient Load (1.9ms)[0m  [1m[34mSELECT DISTINCT "patients".* FROM "patients" WHERE (("patients"."first_name" ILIKE '%ivan%' OR "patients"."last_name" ILIKE '%ivan%') OR "patients"."middle_name" ILIKE '%ivan%')[0m
[active_model_serializers] Rendered ActiveModel::Serializer::CollectionSerializer with ActiveModelSerializers::Adapter::Attributes (0.27ms)
Completed 200 OK in 140ms (Views: 6.2ms | ActiveRecord: 11.2ms | Allocations: 38973)


Started GET "/favicon.ico" for 172.19.0.1 at 2025-09-27 21:35:59 +0000
  
ActionController::RoutingError (No route matches [GET] "/favicon.ico"):
  
Started POST "/api/v1/bmi" for 172.19.0.1 at 2025-09-27 21:36:21 +0000
Processing by Api::V1::BmiProxyController#create as */*
  Parameters: {"height"=>170, "weight"=>65, "bmi_proxy"=>{"height"=>170, "weight"=>65}}
[active_model_serializers] Rendered ActiveModel::Serializer::Null with Hash (0.13ms)
Completed 200 OK in 320ms (Views: 2.7ms | ActiveRecord: 0.0ms | Allocations: 1838)


